1|2.25834516885578
2|0.685413579143796
3|0.685413579143796
4|0.685413579143796
5|0.685413579143796
