  1 |    2
  2 |    5
  3 |    7
  4 |    1
  5 |    4
  6 |    8
  7 |    3
  8 |    6

